In file included from /usr/include/c++/15/memory:80,
                 from /home/faris/RA-MrYudis/Knight/KNighter/llvm/llvm/include/llvm/Support/Casting.h:20,
                 from /home/faris/RA-MrYudis/Knight/KNighter/llvm/clang/include/clang/Basic/LLVM.h:21,
                 from /home/faris/RA-MrYudis/Knight/KNighter/llvm/clang/include/clang/Basic/DiagnosticIDs.h:17,
                 from /home/faris/RA-MrYudis/Knight/KNighter/llvm/clang/include/clang/Basic/Diagnostic.h:17,
                 from /home/faris/RA-MrYudis/Knight/KNighter/llvm/clang/include/clang/AST/NestedNameSpecifier.h:18,
                 from /home/faris/RA-MrYudis/Knight/KNighter/llvm/clang/include/clang/AST/Type.h:21,
                 from /home/faris/RA-MrYudis/Knight/KNighter/llvm/clang/include/clang/AST/CanonicalType.h:17,
                 from /home/faris/RA-MrYudis/Knight/KNighter/llvm/clang/include/clang/AST/ASTContext.h:18,
/usr/include/c++/15/bits/unique_ptr.h: In instantiation of ‘std::__detail::__unique_ptr_t<_Tp> std::make_unique(_Args&& ...) [with _Tp = clang::ento::BasicBugReport; _Args = {clang::ento::BugType&, const char (&)[82], clang::SourceLocation}; __detail::__unique_ptr_t<_Tp> = __detail::__unique_ptr_t<clang::ento::BasicBugReport>]’:
checker.cpp:125:49:   required from here
  125 |   auto Report = std::make_unique<BasicBugReport>(
      |                 ~~~~~~~~~~~~~~~~~~~~~~~~~~~~~~~~^
  126 |       *BT,
      |       ~~~~                                       
  127 |       "Potential integer overflow in base64 size calculation; missing "
      |       ~~~~~~~~~~~~~~~~~~~~~~~~~~~~~~~~~~~~~~~~~~~~~~~~~~~~~~~~~~~~~~~~~
  128 |       "upper-bound check.",
      |       ~~~~~~~~~~~~~~~~~~~~~                      
  129 |       BO->getExprLoc());
      |       ~~~~~~~~~~~~~~~~~                          
/usr/include/c++/15/bits/unique_ptr.h:1084:30: error: no matching function for call to ‘clang::ento::BasicBugReport::BasicBugReport(clang::ento::BugType&, const char [82], clang::SourceLocation)’
 1084 |     { return unique_ptr<_Tp>(new _Tp(std::forward<_Args>(__args)...)); }
      |                              ^~~~~~~~~~~~~~~~~~~~~~~~~~~~~~~~~~~~~~~
/usr/include/c++/15/bits/unique_ptr.h:1084:30: note: there are 3 candidates
/home/faris/RA-MrYudis/Knight/KNighter/llvm/clang/include/clang/StaticAnalyzer/Core/BugReporter/BugReporter.h:256:3: note: candidate 1: ‘clang::ento::BasicBugReport::BasicBugReport(const clang::ento::BugType&, llvm::StringRef, clang::ento::PathDiagnosticLocation)’
  256 |   BasicBugReport(const BugType &bt, StringRef desc, PathDiagnosticLocation l)
      |   ^~~~~~~~~~~~~~
/home/faris/RA-MrYudis/Knight/KNighter/llvm/clang/include/clang/StaticAnalyzer/Core/BugReporter/BugReporter.h:256:76: note: no known conversion for argument 3 from ‘clang::SourceLocation’ to ‘clang::ento::PathDiagnosticLocation’
  256 |   BasicBugReport(const BugType &bt, StringRef desc, PathDiagnosticLocation l)
      |                                                     ~~~~~~~~~~~~~~~~~~~~~~~^
/home/faris/RA-MrYudis/Knight/KNighter/llvm/clang/include/clang/StaticAnalyzer/Core/BugReporter/BugReporter.h:251:7: note: candidate 2: ‘clang::ento::BasicBugReport::BasicBugReport(const clang::ento::BasicBugReport&)’
  251 | class BasicBugReport : public BugReport {
      |       ^~~~~~~~~~~~~~
/home/faris/RA-MrYudis/Knight/KNighter/llvm/clang/include/clang/StaticAnalyzer/Core/BugReporter/BugReporter.h:251:7: note: candidate expects 1 argument, 3 provided
/home/faris/RA-MrYudis/Knight/KNighter/llvm/clang/include/clang/StaticAnalyzer/Core/BugReporter/BugReporter.h:251:7: note: candidate 3: ‘clang::ento::BasicBugReport::BasicBugReport(clang::ento::BasicBugReport&&)’
/home/faris/RA-MrYudis/Knight/KNighter/llvm/clang/include/clang/StaticAnalyzer/Core/BugReporter/BugReporter.h:251:7: note: candidate expects 1 argument, 3 provided