# Refinement Progress Log
Generated: 2026-10-01 17:05:43
Base Directory: /home/faris/RA-MrYudis/Knight/KNighter-please-save-us/e2e/refine-t0-curl

## Progress Log
[17:05:43] Starting refinement of 6 valid checkers
[17:05:43] [1/6] Processing KN-Memory-Leak-a0f08d69-1
[17:20:39] COMPLETED: KN-Memory-Leak-a0f08d69-1 - Perfect (SUCCESS)
[17:20:39] [2/6] Processing KN-Null-Pointer-Dereference-f2a15357-0
[17:23:21] COMPLETED: KN-Null-Pointer-Dereference-f2a15357-0 - Perfect (FAILED)
[17:23:21] [3/6] Processing KN-Integer-Overflow-bc440a89-0
[17:25:45] COMPLETED: KN-Integer-Overflow-bc440a89-0 - Perfect (FAILED)
[17:25:45] [4/6] Processing KN-Null-Pointer-Dereference-f7d4e11f-2
[17:28:11] COMPLETED: KN-Null-Pointer-Dereference-f7d4e11f-2 - Perfect (FAILED)
[17:28:11] [5/6] Processing KN-Null-Pointer-Dereference-466c06cf-1
[17:30:49] COMPLETED: KN-Null-Pointer-Dereference-466c06cf-1 - Perfect (FAILED)
[17:30:49] [6/6] Processing KN-Misuse-c53420e4-0
[17:33:18] COMPLETED: KN-Misuse-c53420e4-0 - Perfect (FAILED)

## Completion Summary
Process completed: 2026-10-01 17:33:18
- Total Processed: 6
- Successful Refinements: 1
- Skipped (Invalid): 0
- Errors: 0
