# Refinement Progress Log
Generated: 2026-10-01 17:05:43
Base Directory: /home/faris/RA-MrYudis/Knight/KNighter-please-save-us/e2e/refine-t0-libxml2

## Progress Log
[17:05:43] Starting refinement of 5 valid checkers
[17:05:43] [1/5] Processing KN-Memory-Leak-ddcb79dc-0
[17:21:09] COMPLETED: KN-Memory-Leak-ddcb79dc-0 - Perfect (SUCCESS)
[17:21:09] [2/5] Processing KN-Null-Pointer-Dereference-79c6eef0-2
[17:26:36] COMPLETED: KN-Null-Pointer-Dereference-79c6eef0-2 - Perfect (FAILED)
[17:26:36] [3/5] Processing KN-Misuse-c8eaf223-2
[17:31:25] COMPLETED: KN-Misuse-c8eaf223-2 - Perfect (FAILED)
[17:31:25] [4/5] Processing KN-Double-Free-26dfab2f-1
[17:35:22] COMPLETED: KN-Double-Free-26dfab2f-1 - Perfect (FAILED)
[17:35:22] [5/5] Processing KN-Null-Pointer-Dereference-962bd10d-0
[17:38:35] COMPLETED: KN-Null-Pointer-Dereference-962bd10d-0 - Perfect (FAILED)

## Completion Summary
Process completed: 2026-10-01 17:38:35
- Total Processed: 5
- Successful Refinements: 1
- Skipped (Invalid): 0
- Errors: 0
